// Jest Snapshot v1, https://goo.gl/fbAQLP

exports[`renders correctly 1`] = `
<View
  style={
    Array [
      Object {
        "backgroundColor": "#ffffff",
        "flexBasis": 0,
        "flexGrow": 1,
        "flexShrink": 1,
        "marginTop": 44,
      },
    ]
  }
>
  <View
    style={
      Array [
        Object {
          "alignItems": "center",
          "flexBasis": 0,
          "flexGrow": 1,
          "flexShrink": 1,
          "width": "100%",
        },
      ]
    }
  >
    <Image
      source={1}
      style={
        Array [
          Object {
            "height": "20%",
            "marginBottom": "10%",
            "marginTop": "5%",
            "resizeMode": "contain",
            "width": "100%",
          },
        ]
      }
    />
    <View
      style={
        Array [
          Object {
            "height": "75%",
            "width": "90%",
          },
        ]
      }
    >
      <View>
        <TextInput
          allowFontScaling={true}
          keyboardType="email-address"
          onBlur={[Function]}
          onChangeText={[Function]}
          placeholder="Email"
          rejectResponderTermination={true}
          style={
            Array [
              Object {
                "backgroundColor": "#ffffff",
                "borderBottomWidth": 1,
                "fontSize": 17,
                "height": 40,
                "marginBottom": "3%",
                "marginLeft": "4%",
                "marginRight": "4%",
                "marginTop": "3%",
                "textAlign": "left",
              },
            ]
          }
          underlineColorAndroid="transparent"
          value=""
        />
      </View>
      <View>
        <TextInput
          allowFontScaling={true}
          onBlur={[Function]}
          onChangeText={[Function]}
          placeholder="Password"
          rejectResponderTermination={true}
          secureTextEntry={true}
          style={
            Array [
              Object {
                "backgroundColor": "#ffffff",
                "borderBottomWidth": 1,
                "fontSize": 17,
                "height": 40,
                "marginBottom": "3%",
                "marginLeft": "4%",
                "marginRight": "4%",
                "marginTop": "3%",
                "textAlign": "left",
              },
            ]
          }
          underlineColorAndroid="transparent"
          value=""
        />
        <View
          accessible={true}
          focusable={true}
          onClick={[Function]}
          onResponderGrant={[Function]}
          onResponderMove={[Function]}
          onResponderRelease={[Function]}
          onResponderTerminate={[Function]}
          onResponderTerminationRequest={[Function]}
          onStartShouldSetResponder={[Function]}
          style={
            Object {
              "left": "90%",
              "opacity": 1,
              "right": "20%",
              "top": "-50%",
              "zIndex": 1,
            }
          }
        >
          <Text />
        </View>
      </View>
      <View
        accessible={true}
        focusable={false}
        onClick={[Function]}
        onResponderGrant={[Function]}
        onResponderMove={[Function]}
        onResponderRelease={[Function]}
        onResponderTerminate={[Function]}
        onResponderTerminationRequest={[Function]}
        onStartShouldSetResponder={[Function]}
        style={
          Object {
            "backgroundColor": "#ffffff",
            "height": "15%",
            "opacity": 1,
          }
        }
      >
        <Text
          style={
            Array [
              Object {
                "fontSize": 15,
                "height": "100%",
                "marginBottom": "0.5%",
                "marginLeft": "4%",
                "marginTop": "0.5%",
                "width": 127,
              },
            ]
          }
        >
          Forgot Password?
        </Text>
      </View>
      <View
        accessible={true}
        focusable={true}
        onClick={[Function]}
        onResponderGrant={[Function]}
        onResponderMove={[Function]}
        onResponderRelease={[Function]}
        onResponderTerminate={[Function]}
        onResponderTerminationRequest={[Function]}
        onStartShouldSetResponder={[Function]}
        style={
          Object {
            "backgroundColor": "#694398",
            "borderRadius": 5,
            "height": "8%",
            "justifyContent": "center",
            "marginBottom": "0%",
            "marginLeft": "11%",
            "marginRight": "11%",
            "marginTop": "0%",
            "opacity": 1,
            "paddingHorizontal": "1%",
            "paddingVertical": "1%",
          }
        }
      >
        <Text
          style={
            Array [
              Object {
                "color": "#ffffff",
                "fontSize": 20,
                "textAlign": "center",
              },
            ]
          }
        >
          Login
        </Text>
      </View>
      <Text
        style={
          Array [
            Object {
              "fontSize": 15,
              "height": "5%",
              "marginLeft": "48%",
              "marginTop": "4%",
              "textAlign": "center",
              "width": 18,
            },
          ]
        }
      >
        Or
      </Text>
      <View
        style={
          Array [
            Object {
              "flexDirection": "row",
              "height": "10%",
              "justifyContent": "space-between",
              "marginBottom": "5%",
              "marginLeft": "22%",
              "marginTop": "2%",
              "width": "50%",
            },
          ]
        }
      >
        <View
          accessible={true}
          focusable={true}
          onClick={[Function]}
          onResponderGrant={[Function]}
          onResponderMove={[Function]}
          onResponderRelease={[Function]}
          onResponderTerminate={[Function]}
          onResponderTerminationRequest={[Function]}
          onStartShouldSetResponder={[Function]}
          style={
            Object {
              "height": "100%",
              "opacity": 1,
              "width": "30%",
            }
          }
        >
          <Image
            source={1}
            style={
              Array [
                Object {
                  "height": "100%",
                  "resizeMode": "contain",
                },
              ]
            }
          />
        </View>
        <View
          accessible={true}
          focusable={true}
          onClick={[Function]}
          onResponderGrant={[Function]}
          onResponderMove={[Function]}
          onResponderRelease={[Function]}
          onResponderTerminate={[Function]}
          onResponderTerminationRequest={[Function]}
          onStartShouldSetResponder={[Function]}
          style={
            Object {
              "height": "100%",
              "opacity": 1,
              "width": "30%",
            }
          }
        >
          <Image
            source={1}
            style={
              Array [
                Object {
                  "height": "100%",
                  "resizeMode": "contain",
                },
              ]
            }
          />
        </View>
        <View
          accessible={true}
          focusable={true}
          onClick={[Function]}
          onResponderGrant={[Function]}
          onResponderMove={[Function]}
          onResponderRelease={[Function]}
          onResponderTerminate={[Function]}
          onResponderTerminationRequest={[Function]}
          onStartShouldSetResponder={[Function]}
          style={
            Object {
              "height": "100%",
              "opacity": 1,
              "width": "30%",
            }
          }
        >
          <Image
            source={1}
            style={
              Array [
                Object {
                  "height": "100%",
                  "resizeMode": "contain",
                },
              ]
            }
          />
        </View>
      </View>
      <View
        style={
          Array [
            Object {
              "alignItems": "center",
              "height": "18%",
              "justifyContent": "center",
              "marginBottom": "3%",
              "marginTop": "1%",
            },
          ]
        }
      >
        <Text
          style={
            Array [
              Object {
                "alignItems": "center",
                "justifyContent": "center",
                "paddingBottom": "3%",
                "paddingLeft": "3%",
                "paddingRight": "3%",
                "paddingTop": "3%",
              },
            ]
          }
        >
          Would You Like To Join Us? 
          texxt
        </Text>
        <View
          accessible={true}
          focusable={true}
          onClick={[Function]}
          onResponderGrant={[Function]}
          onResponderMove={[Function]}
          onResponderRelease={[Function]}
          onResponderTerminate={[Function]}
          onResponderTerminationRequest={[Function]}
          onStartShouldSetResponder={[Function]}
          style={
            Object {
              "alignItems": "center",
              "borderBottomWidth": 1,
              "justifyContent": "center",
              "opacity": 1,
            }
          }
        >
          <Text
            style={
              Array [
                Object {
                  "fontSize": 17,
                },
              ]
            }
          >
            Signup
          </Text>
        </View>
      </View>
    </View>
  </View>
</View>
`;
