// Jest Snapshot v1, https://goo.gl/fbAQLP

exports[`test whether it renders correctly (snapshot unchanged) 1`] = `[Function]`;
