// Jest Snapshot v1, https://goo.gl/fbAQLP

exports[`Snapshot changed? 1`] = `[Function]`;
